C:\Users\marko\Documents\mieszadlo\Zbiorniki_AS6\Logical\Global.typ
C:\Users\marko\Documents\mieszadlo\Zbiorniki_AS6\Logical\Global.var
C:\Users\marko\Documents\mieszadlo\Zbiorniki_AS6\Logical\Libraries\operator\operator.fun
C:\Users\marko\Documents\mieszadlo\Zbiorniki_AS6\Logical\Libraries\operator\operator.typ
C:\Users\marko\Documents\mieszadlo\Zbiorniki_AS6\Logical\Libraries\operator\operator.var
C:\Users\marko\Documents\mieszadlo\Zbiorniki_AS6\Logical\Libraries\runtime\runtime.fun
C:\Users\marko\Documents\mieszadlo\Zbiorniki_AS6\Logical\Libraries\runtime\runtime.typ
C:\Users\marko\Documents\mieszadlo\Zbiorniki_AS6\Logical\Libraries\runtime\runtime.var
C:\Users\marko\Documents\mieszadlo\Zbiorniki_AS6\Logical\Libraries\astime\astime.fun
C:\Users\marko\Documents\mieszadlo\Zbiorniki_AS6\Logical\Libraries\astime\astime.typ
C:\Users\marko\Documents\mieszadlo\Zbiorniki_AS6\Logical\Libraries\astime\astime.var
C:\Users\marko\Documents\mieszadlo\Zbiorniki_AS6\Logical\Libraries\AsIecCon\AsIecCon.fun
C:\Users\marko\Documents\mieszadlo\Zbiorniki_AS6\Logical\Libraries\AsIecCon\AsIecCon.typ
C:\Users\marko\Documents\mieszadlo\Zbiorniki_AS6\Logical\Libraries\AsIecCon\AsIecCon.var
C:\Users\marko\Documents\mieszadlo\Zbiorniki_AS6\Logical\Libraries\standard\standard.fun
C:\Users\marko\Documents\mieszadlo\Zbiorniki_AS6\Logical\Libraries\standard\standard.typ
C:\Users\marko\Documents\mieszadlo\Zbiorniki_AS6\Logical\Libraries\standard\standard.var
C:\Users\marko\Documents\mieszadlo\Zbiorniki_AS6\Logical\Sterowanie\mappingVariables.var
