C:\Users\marko\Documents\mieszadlo\Zbiorniki_AS6\Temp\Includes\AS_TempDecl\MpComponents.var
C:\Users\marko\Documents\mieszadlo\Zbiorniki_AS6\Logical\Global.typ
C:\Users\marko\Documents\mieszadlo\Zbiorniki_AS6\Logical\Global.var
C:\Users\marko\Documents\mieszadlo\Zbiorniki_AS6\Logical\Libraries\operator\operator.fun
C:\Users\marko\Documents\mieszadlo\Zbiorniki_AS6\Logical\Libraries\operator\operator.typ
C:\Users\marko\Documents\mieszadlo\Zbiorniki_AS6\Logical\Libraries\operator\operator.var
C:\Users\marko\Documents\mieszadlo\Zbiorniki_AS6\Logical\Libraries\runtime\runtime.fun
C:\Users\marko\Documents\mieszadlo\Zbiorniki_AS6\Logical\Libraries\runtime\runtime.typ
C:\Users\marko\Documents\mieszadlo\Zbiorniki_AS6\Logical\Libraries\runtime\runtime.var
C:\Users\marko\Documents\mieszadlo\Zbiorniki_AS6\Logical\Libraries\astime\astime.fun
C:\Users\marko\Documents\mieszadlo\Zbiorniki_AS6\Logical\Libraries\astime\astime.typ
C:\Users\marko\Documents\mieszadlo\Zbiorniki_AS6\Logical\Libraries\astime\astime.var
C:\Users\marko\Documents\mieszadlo\Zbiorniki_AS6\Logical\Libraries\AsIecCon\AsIecCon.fun
C:\Users\marko\Documents\mieszadlo\Zbiorniki_AS6\Logical\Libraries\AsIecCon\AsIecCon.typ
C:\Users\marko\Documents\mieszadlo\Zbiorniki_AS6\Logical\Libraries\AsIecCon\AsIecCon.var
C:\Users\marko\Documents\mieszadlo\Zbiorniki_AS6\Logical\Libraries\standard\standard.fun
C:\Users\marko\Documents\mieszadlo\Zbiorniki_AS6\Logical\Libraries\standard\standard.typ
C:\Users\marko\Documents\mieszadlo\Zbiorniki_AS6\Logical\Libraries\standard\standard.var
C:\Users\marko\Documents\mieszadlo\Zbiorniki_AS6\Logical\Libraries\MpAlarmX\MpAlarmX.typ
C:\Users\marko\Documents\mieszadlo\Zbiorniki_AS6\Logical\Libraries\MpAlarmX\MpAlarmXError.typ
C:\Users\marko\Documents\mieszadlo\Zbiorniki_AS6\Logical\Libraries\MpAlarmX\MpAlarmXCfg.typ
C:\Users\marko\Documents\mieszadlo\Zbiorniki_AS6\Logical\Libraries\MpAlarmX\MpAlarmX.fun
C:\Users\marko\Documents\mieszadlo\Zbiorniki_AS6\Logical\Libraries\MpBase\MpBase.var
C:\Users\marko\Documents\mieszadlo\Zbiorniki_AS6\Logical\Libraries\MpBase\MpBase.typ
C:\Users\marko\Documents\mieszadlo\Zbiorniki_AS6\Logical\Libraries\MpBase\MpBase.fun
C:\Users\marko\Documents\mieszadlo\Zbiorniki_AS6\Logical\Libraries\MpServer\Constants.var
C:\Users\marko\Documents\mieszadlo\Zbiorniki_AS6\Logical\Libraries\MpServer\Types.typ
C:\Users\marko\Documents\mieszadlo\Zbiorniki_AS6\Logical\Libraries\MpServer\MpServer.fun
C:\Users\marko\Documents\mieszadlo\Zbiorniki_AS6\Logical\Sterowanie\mappingVariables.var
