<?xml version="1.0" encoding="utf-8"?>
<?AutomationStudio Version="6.7.0.187"?>
<Objects>
  <Object
    Path="C:\Users\marko\Documents\mieszadlo\Zbiorniki_AS6\Logical\Package.pkg"
    LogicalPath=""
    Type="Package.ParentUnknown"
    LastWriteTime="131991812780000000" />
  <Object
    Path="C:\Users\marko\Documents\mieszadlo\Zbiorniki_AS6\Temp\Includes\AS_TempDecl\MpComponents.var"
    LogicalPath="MpComponents.var"
    Type="File"
    LastWriteTime="134284882237061193"
    Private="false" />
  <Object
    Path="C:\Users\marko\Documents\mieszadlo\Zbiorniki_AS6\Logical\Global.typ"
    LogicalPath="Global.typ"
    Type="File"
    LastWriteTime="131991805160000000"
    Private="false" />
  <Object
    Path="C:\Users\marko\Documents\mieszadlo\Zbiorniki_AS6\Logical\Global.var"
    LogicalPath="Global.var"
    Type="File"
    LastWriteTime="131991805160000000"
    Private="false" />
  <Object
    Path="C:\Users\marko\Documents\mieszadlo\Zbiorniki_AS6\Logical\Libraries\Package.pkg"
    LogicalPath="Libraries"
    Type="Package"
    LastWriteTime="134284222552172984" />
  <Object
    Path="C:\Users\marko\Documents\mieszadlo\Zbiorniki_AS6\Logical\Libraries\operator\Binary.lby"
    LogicalPath="Libraries.operator"
    Type="Library"
    LastWriteTime="134259830700000000" />
  <Object
    Path="C:\Users\marko\Documents\mieszadlo\Zbiorniki_AS6\Logical\Libraries\operator\operator.fun"
    LogicalPath="Libraries.operator.operator.fun"
    Type="File"
    LastWriteTime="134259830700000000"
    Private="false" />
  <Object
    Path="C:\Users\marko\Documents\mieszadlo\Zbiorniki_AS6\Logical\Libraries\operator\operator.typ"
    LogicalPath="Libraries.operator.operator.typ"
    Type="File"
    LastWriteTime="134259830700000000"
    Private="false" />
  <Object
    Path="C:\Users\marko\Documents\mieszadlo\Zbiorniki_AS6\Logical\Libraries\operator\operator.var"
    LogicalPath="Libraries.operator.operator.var"
    Type="File"
    LastWriteTime="134259830700000000"
    Private="false" />
  <Object
    Path="C:\Users\marko\Documents\mieszadlo\Zbiorniki_AS6\Logical\Libraries\runtime\Binary.lby"
    LogicalPath="Libraries.runtime"
    Type="Library"
    LastWriteTime="134259830700000000" />
  <Object
    Path="C:\Users\marko\Documents\mieszadlo\Zbiorniki_AS6\Logical\Libraries\runtime\runtime.fun"
    LogicalPath="Libraries.runtime.runtime.fun"
    Type="File"
    LastWriteTime="134259830700000000"
    Private="false" />
  <Object
    Path="C:\Users\marko\Documents\mieszadlo\Zbiorniki_AS6\Logical\Libraries\runtime\runtime.typ"
    LogicalPath="Libraries.runtime.runtime.typ"
    Type="File"
    LastWriteTime="134259830700000000"
    Private="false" />
  <Object
    Path="C:\Users\marko\Documents\mieszadlo\Zbiorniki_AS6\Logical\Libraries\runtime\runtime.var"
    LogicalPath="Libraries.runtime.runtime.var"
    Type="File"
    LastWriteTime="134259830700000000"
    Private="false" />
  <Object
    Path="C:\Users\marko\Documents\mieszadlo\Zbiorniki_AS6\Logical\Libraries\astime\Binary.lby"
    LogicalPath="Libraries.astime"
    Type="Library"
    LastWriteTime="134259830700000000" />
  <Object
    Path="C:\Users\marko\Documents\mieszadlo\Zbiorniki_AS6\Logical\Libraries\astime\astime.fun"
    LogicalPath="Libraries.astime.astime.fun"
    Type="File"
    LastWriteTime="134259830700000000"
    Private="false" />
  <Object
    Path="C:\Users\marko\Documents\mieszadlo\Zbiorniki_AS6\Logical\Libraries\astime\astime.typ"
    LogicalPath="Libraries.astime.astime.typ"
    Type="File"
    LastWriteTime="134259830700000000"
    Private="false" />
  <Object
    Path="C:\Users\marko\Documents\mieszadlo\Zbiorniki_AS6\Logical\Libraries\astime\astime.var"
    LogicalPath="Libraries.astime.astime.var"
    Type="File"
    LastWriteTime="134259830700000000"
    Private="false" />
  <Object
    Path="C:\Users\marko\Documents\mieszadlo\Zbiorniki_AS6\Logical\Libraries\AsIecCon\Binary.lby"
    LogicalPath="Libraries.AsIecCon"
    Type="Library"
    LastWriteTime="134259830680000000" />
  <Object
    Path="C:\Users\marko\Documents\mieszadlo\Zbiorniki_AS6\Logical\Libraries\AsIecCon\AsIecCon.fun"
    LogicalPath="Libraries.AsIecCon.AsIecCon.fun"
    Type="File"
    LastWriteTime="134259830680000000"
    Private="false" />
  <Object
    Path="C:\Users\marko\Documents\mieszadlo\Zbiorniki_AS6\Logical\Libraries\AsIecCon\AsIecCon.typ"
    LogicalPath="Libraries.AsIecCon.AsIecCon.typ"
    Type="File"
    LastWriteTime="134259830680000000"
    Private="false" />
  <Object
    Path="C:\Users\marko\Documents\mieszadlo\Zbiorniki_AS6\Logical\Libraries\AsIecCon\AsIecCon.var"
    LogicalPath="Libraries.AsIecCon.AsIecCon.var"
    Type="File"
    LastWriteTime="134259830680000000"
    Private="false" />
  <Object
    Path="C:\Users\marko\Documents\mieszadlo\Zbiorniki_AS6\Logical\Libraries\standard\Binary.lby"
    LogicalPath="Libraries.standard"
    Type="Library"
    LastWriteTime="134259830700000000" />
  <Object
    Path="C:\Users\marko\Documents\mieszadlo\Zbiorniki_AS6\Logical\Libraries\standard\standard.fun"
    LogicalPath="Libraries.standard.standard.fun"
    Type="File"
    LastWriteTime="134259830700000000"
    Private="false" />
  <Object
    Path="C:\Users\marko\Documents\mieszadlo\Zbiorniki_AS6\Logical\Libraries\standard\standard.typ"
    LogicalPath="Libraries.standard.standard.typ"
    Type="File"
    LastWriteTime="134259830700000000"
    Private="false" />
  <Object
    Path="C:\Users\marko\Documents\mieszadlo\Zbiorniki_AS6\Logical\Libraries\standard\standard.var"
    LogicalPath="Libraries.standard.standard.var"
    Type="File"
    LastWriteTime="134259830700000000"
    Private="false" />
  <Object
    Path="C:\Users\marko\Documents\mieszadlo\Zbiorniki_AS6\Logical\Libraries\MpAlarmX\Binary.lby"
    LogicalPath="Libraries.MpAlarmX"
    Type="Library"
    LastWriteTime="134284220575330147" />
  <Object
    Path="C:\Users\marko\Documents\mieszadlo\Zbiorniki_AS6\Logical\Libraries\MpAlarmX\MpAlarmX.typ"
    LogicalPath="Libraries.MpAlarmX.MpAlarmX.typ"
    Type="File"
    LastWriteTime="134284220575137517"
    Private="false" />
  <Object
    Path="C:\Users\marko\Documents\mieszadlo\Zbiorniki_AS6\Logical\Libraries\MpAlarmX\MpAlarmXError.typ"
    LogicalPath="Libraries.MpAlarmX.MpAlarmXError.typ"
    Type="File"
    LastWriteTime="134284220575149807"
    Private="false" />
  <Object
    Path="C:\Users\marko\Documents\mieszadlo\Zbiorniki_AS6\Logical\Libraries\MpAlarmX\MpAlarmXCfg.typ"
    LogicalPath="Libraries.MpAlarmX.MpAlarmXCfg.typ"
    Type="File"
    LastWriteTime="134284220575159835"
    Private="false" />
  <Object
    Path="C:\Users\marko\Documents\mieszadlo\Zbiorniki_AS6\Logical\Libraries\MpAlarmX\MpAlarmX.fun"
    LogicalPath="Libraries.MpAlarmX.MpAlarmX.fun"
    Type="File"
    LastWriteTime="134284220575319812"
    Private="false" />
  <Object
    Path="C:\Users\marko\Documents\mieszadlo\Zbiorniki_AS6\Logical\Libraries\MpBase\Binary.lby"
    LogicalPath="Libraries.MpBase"
    Type="Library"
    LastWriteTime="134284220579102474" />
  <Object
    Path="C:\Users\marko\Documents\mieszadlo\Zbiorniki_AS6\Logical\Libraries\MpBase\MpBase.var"
    LogicalPath="Libraries.MpBase.MpBase.var"
    Type="File"
    LastWriteTime="134284220579042472"
    Private="false" />
  <Object
    Path="C:\Users\marko\Documents\mieszadlo\Zbiorniki_AS6\Logical\Libraries\MpBase\MpBase.typ"
    LogicalPath="Libraries.MpBase.MpBase.typ"
    Type="File"
    LastWriteTime="134284220579052484"
    Private="false" />
  <Object
    Path="C:\Users\marko\Documents\mieszadlo\Zbiorniki_AS6\Logical\Libraries\MpBase\MpBase.fun"
    LogicalPath="Libraries.MpBase.MpBase.fun"
    Type="File"
    LastWriteTime="134284220579072483"
    Private="false" />
  <Object
    Path="C:\Users\marko\Documents\mieszadlo\Zbiorniki_AS6\Logical\Libraries\MpBase\Common_EventLog.tmx"
    LogicalPath="Libraries.MpBase.Common_EventLog.tmx"
    Type="File"
    LastWriteTime="134284220579092498"
    Private="false" />
  <Object
    Path="C:\Users\marko\Documents\mieszadlo\Zbiorniki_AS6\Logical\Libraries\MpServer\Binary.lby"
    LogicalPath="Libraries.MpServer"
    Type="Library"
    LastWriteTime="134284222552081448" />
  <Object
    Path="C:\Users\marko\Documents\mieszadlo\Zbiorniki_AS6\Logical\Libraries\MpServer\Constants.var"
    LogicalPath="Libraries.MpServer.Constants.var"
    Type="File"
    LastWriteTime="134284222552031401"
    Private="false" />
  <Object
    Path="C:\Users\marko\Documents\mieszadlo\Zbiorniki_AS6\Logical\Libraries\MpServer\Types.typ"
    LogicalPath="Libraries.MpServer.Types.typ"
    Type="File"
    LastWriteTime="134284222552041410"
    Private="false" />
  <Object
    Path="C:\Users\marko\Documents\mieszadlo\Zbiorniki_AS6\Logical\Libraries\MpServer\MpServer.fun"
    LogicalPath="Libraries.MpServer.MpServer.fun"
    Type="File"
    LastWriteTime="134284222552051401"
    Private="false" />
  <Object
    Path="C:\Users\marko\Documents\mieszadlo\Zbiorniki_AS6\Logical\Libraries\MpServer\MpServer_EventLog.tmx"
    LogicalPath="Libraries.MpServer.MpServer_EventLog.tmx"
    Type="File"
    LastWriteTime="134284222552071399"
    Private="false" />
  <Object
    Path="C:\Users\marko\Documents\mieszadlo\Zbiorniki_AS6\Logical\Wizualizacja\Package.pkg"
    LogicalPath="Wizualizacja"
    Type="Package"
    LastWriteTime="131991810580000000" />
  <Object
    Path="C:\Users\marko\Documents\mieszadlo\Zbiorniki_AS6\Logical\Wizualizacja\ClockSignal\IEC.prg"
    LogicalPath="Wizualizacja.ClockSignal"
    Type="Program"
    LastWriteTime="131991810580000000" />
  <Object
    Path="C:\Users\marko\Documents\mieszadlo\Zbiorniki_AS6\Logical\Wizualizacja\ClockSignal\Main.st"
    LogicalPath="Wizualizacja.ClockSignal.Main.st"
    Type="File"
    LastWriteTime="131991810580000000"
    Private="false" />
  <Object
    Path="C:\Users\marko\Documents\mieszadlo\Zbiorniki_AS6\Logical\Wizualizacja\ClockSignal\Types.typ"
    LogicalPath="Wizualizacja.ClockSignal.Types.typ"
    Type="File"
    LastWriteTime="131991810580000000"
    Private="true" />
  <Object
    Path="C:\Users\marko\Documents\mieszadlo\Zbiorniki_AS6\Logical\Wizualizacja\ClockSignal\Variables.var"
    LogicalPath="Wizualizacja.ClockSignal.Variables.var"
    Type="File"
    LastWriteTime="131991810580000000"
    Private="true" />
  <Object
    Path="C:\Users\marko\Documents\mieszadlo\Zbiorniki_AS6\Logical\mappView\Package.pkg"
    LogicalPath="mappView"
    Type="Package"
    LastWriteTime="133323219420000000" />
  <Object
    Path="C:\Users\marko\Documents\mieszadlo\Zbiorniki_AS6\Logical\mappView\Layouts\Package.pkg"
    LogicalPath="mappView.Layouts"
    Type="Package"
    LastWriteTime="131945042280000000" />
  <Object
    Path="C:\Users\marko\Documents\mieszadlo\Zbiorniki_AS6\Logical\mappView\Widgets\Package.pkg"
    LogicalPath="mappView.Widgets"
    Type="Package"
    LastWriteTime="131945042280000000" />
  <Object
    Path="C:\Users\marko\Documents\mieszadlo\Zbiorniki_AS6\Logical\mappView\Resources\Package.pkg"
    LogicalPath="mappView.Resources"
    Type="Package"
    LastWriteTime="131945042280000000" />
  <Object
    Path="C:\Users\marko\Documents\mieszadlo\Zbiorniki_AS6\Logical\mappView\Resources\Texts\Package.pkg"
    LogicalPath="mappView.Resources.Texts"
    Type="Package"
    LastWriteTime="131945042280000000" />
  <Object
    Path="C:\Users\marko\Documents\mieszadlo\Zbiorniki_AS6\Logical\mappView\Resources\Snippets\Package.pkg"
    LogicalPath="mappView.Resources.Snippets"
    Type="Package"
    LastWriteTime="131945042280000000" />
  <Object
    Path="C:\Users\marko\Documents\mieszadlo\Zbiorniki_AS6\Logical\mappView\Resources\Themes\Package.pkg"
    LogicalPath="mappView.Resources.Themes"
    Type="Package"
    LastWriteTime="134284152380562975" />
  <Object
    Path="C:\Users\marko\Documents\mieszadlo\Zbiorniki_AS6\Logical\mappView\Resources\Themes\BuRThemeFlatLight\Package.pkg"
    LogicalPath="mappView.Resources.Themes.BuRThemeFlatLight"
    Type="Package"
    LastWriteTime="134284152379732225" />
  <Object
    Path="C:\Users\marko\Documents\mieszadlo\Zbiorniki_AS6\Logical\mappView\Resources\Themes\BuRThemeFlatLight\BuRThemeFlatLight.theme"
    LogicalPath="mappView.Resources.Themes.BuRThemeFlatLight.BuRThemeFlatLight.theme"
    Type="File"
    LastWriteTime="134284152379782218"
    Private="false" />
  <Object
    Path="C:\Users\marko\Documents\mieszadlo\Zbiorniki_AS6\Logical\mappView\Resources\Themes\BuRThemeFlatLight\breaseFlatLight\Package.pkg"
    LogicalPath="mappView.Resources.Themes.BuRThemeFlatLight.breaseFlatLight"
    Type="Package"
    LastWriteTime="134284152379832208" />
  <Object
    Path="C:\Users\marko\Documents\mieszadlo\Zbiorniki_AS6\Logical\mappView\Resources\Themes\BuRThemeFlatLight\breaseFlatLight\breaseFlatLight.stylesset"
    LogicalPath="mappView.Resources.Themes.BuRThemeFlatLight.breaseFlatLight.breaseFlatLight.stylesset"
    Type="File"
    LastWriteTime="134284152379842229"
    Private="false" />
  <Object
    Path="C:\Users\marko\Documents\mieszadlo\Zbiorniki_AS6\Logical\mappView\Resources\Themes\BuRThemeFlatLight\breaseFlatLight\BuRThemeFlatLightDefaultStyles.styles"
    LogicalPath="mappView.Resources.Themes.BuRThemeFlatLight.breaseFlatLight.BuRThemeFlatLightDefaultStyles.styles"
    Type="File"
    LastWriteTime="134284152379892231"
    Private="false" />
  <Object
    Path="C:\Users\marko\Documents\mieszadlo\Zbiorniki_AS6\Logical\mappView\Resources\Themes\BuRThemeFlatLight\breaseFlatLight\BuRThemeFlatLightSystemStyles.styles"
    LogicalPath="mappView.Resources.Themes.BuRThemeFlatLight.breaseFlatLight.BuRThemeFlatLightSystemStyles.styles"
    Type="File"
    LastWriteTime="134284152379912213"
    Private="false" />
  <Object
    Path="C:\Users\marko\Documents\mieszadlo\Zbiorniki_AS6\Logical\mappView\Resources\Themes\BuRThemeFlatLight\breaseFlatLight\BuRThemeFlatLightButtonsStyles.styles"
    LogicalPath="mappView.Resources.Themes.BuRThemeFlatLight.breaseFlatLight.BuRThemeFlatLightButtonsStyles.styles"
    Type="File"
    LastWriteTime="134284152379932209"
    Private="false" />
  <Object
    Path="C:\Users\marko\Documents\mieszadlo\Zbiorniki_AS6\Logical\mappView\Resources\Themes\BuRThemeFlatLight\breaseFlatLight\BuRThemeFlatLightCommonStyles.styles"
    LogicalPath="mappView.Resources.Themes.BuRThemeFlatLight.breaseFlatLight.BuRThemeFlatLightCommonStyles.styles"
    Type="File"
    LastWriteTime="134284152379952215"
    Private="false" />
  <Object
    Path="C:\Users\marko\Documents\mieszadlo\Zbiorniki_AS6\Logical\mappView\Resources\Themes\BuRThemeFlatLight\breaseFlatLight\BuRThemeFlatLightContainerStyles.styles"
    LogicalPath="mappView.Resources.Themes.BuRThemeFlatLight.breaseFlatLight.BuRThemeFlatLightContainerStyles.styles"
    Type="File"
    LastWriteTime="134284152379962226"
    Private="false" />
  <Object
    Path="C:\Users\marko\Documents\mieszadlo\Zbiorniki_AS6\Logical\mappView\Resources\Themes\BuRThemeFlatLight\breaseFlatLight\BuRThemeFlatLightNumericStyles.styles"
    LogicalPath="mappView.Resources.Themes.BuRThemeFlatLight.breaseFlatLight.BuRThemeFlatLightNumericStyles.styles"
    Type="File"
    LastWriteTime="134284152379982285"
    Private="false" />
  <Object
    Path="C:\Users\marko\Documents\mieszadlo\Zbiorniki_AS6\Logical\mappView\Resources\Themes\BuRThemeFlatLight\breaseFlatLight\BuRThemeFlatLightLabelTextsStyles.styles"
    LogicalPath="mappView.Resources.Themes.BuRThemeFlatLight.breaseFlatLight.BuRThemeFlatLightLabelTextsStyles.styles"
    Type="File"
    LastWriteTime="134284152380002250"
    Private="false" />
  <Object
    Path="C:\Users\marko\Documents\mieszadlo\Zbiorniki_AS6\Logical\mappView\Resources\Themes\BuRThemeFlatLight\breaseFlatLight\BuRThemeFlatLightGraphicStyles.styles"
    LogicalPath="mappView.Resources.Themes.BuRThemeFlatLight.breaseFlatLight.BuRThemeFlatLightGraphicStyles.styles"
    Type="File"
    LastWriteTime="134284152380022223"
    Private="false" />
  <Object
    Path="C:\Users\marko\Documents\mieszadlo\Zbiorniki_AS6\Logical\mappView\Resources\Themes\BuRThemeFlatLight\breaseFlatLight\BuRThemeFlatLightChartsStyles.styles"
    LogicalPath="mappView.Resources.Themes.BuRThemeFlatLight.breaseFlatLight.BuRThemeFlatLightChartsStyles.styles"
    Type="File"
    LastWriteTime="134284152380042232"
    Private="false" />
  <Object
    Path="C:\Users\marko\Documents\mieszadlo\Zbiorniki_AS6\Logical\mappView\Resources\Themes\BuRThemeFlatLight\breaseFlatLight\BuRThemeFlatLightSequencerStyles.styles"
    LogicalPath="mappView.Resources.Themes.BuRThemeFlatLight.breaseFlatLight.BuRThemeFlatLightSequencerStyles.styles"
    Type="File"
    LastWriteTime="134284152380052252"
    Private="false" />
  <Object
    Path="C:\Users\marko\Documents\mieszadlo\Zbiorniki_AS6\Logical\mappView\Resources\Themes\BuRThemeFlatLight\breaseFlatLight\BuRThemeFlatLightListStyles.styles"
    LogicalPath="mappView.Resources.Themes.BuRThemeFlatLight.breaseFlatLight.BuRThemeFlatLightListStyles.styles"
    Type="File"
    LastWriteTime="134284152380072245"
    Private="false" />
  <Object
    Path="C:\Users\marko\Documents\mieszadlo\Zbiorniki_AS6\Logical\mappView\Resources\Media\Package.pkg"
    LogicalPath="mappView.Resources.Media"
    Type="Package"
    LastWriteTime="131971131640000000" />
  <Object
    Path="C:\Users\marko\Documents\mieszadlo\Zbiorniki_AS6\Logical\mappView\Project.language"
    LogicalPath="mappView.Project.language"
    Type="File"
    LastWriteTime="131945141100000000"
    Private="false" />
  <Object
    Path="C:\Users\marko\Documents\mieszadlo\Zbiorniki_AS6\Logical\mappView\Visualization\Package.pkg"
    LogicalPath="mappView.Visualization"
    Type="Package"
    LastWriteTime="131945042480000000" />
  <Object
    Path="C:\Users\marko\Documents\mieszadlo\Zbiorniki_AS6\Logical\mappView\Visualization\Pages\Package.pkg"
    LogicalPath="mappView.Visualization.Pages"
    Type="Package"
    LastWriteTime="134284128896492010" />
  <Object
    Path="C:\Users\marko\Documents\mieszadlo\Zbiorniki_AS6\Logical\mappView\Visualization\Pages\AreaContents\Package.pkg"
    LogicalPath="mappView.Visualization.Pages.AreaContents"
    Type="Package"
    LastWriteTime="134284902487157791" />
  <Object
    Path="C:\Users\marko\Documents\mieszadlo\Zbiorniki_AS6\Logical\mappView\Visualization\Pages\AreaContents\TopContent.content"
    LogicalPath="mappView.Visualization.Pages.AreaContents.TopContent.content"
    Type="File"
    LastWriteTime="134284938044568506"
    Private="false" />
  <Object
    Path="C:\Users\marko\Documents\mieszadlo\Zbiorniki_AS6\Logical\mappView\Visualization\Pages\AreaContents\LeftContent.content"
    LogicalPath="mappView.Visualization.Pages.AreaContents.LeftContent.content"
    Type="File"
    LastWriteTime="134284902487523685"
    Private="false" />
  <Object
    Path="C:\Users\marko\Documents\mieszadlo\Zbiorniki_AS6\Logical\mappView\Visualization\Pages\MainPage\Package.pkg"
    LogicalPath="mappView.Visualization.Pages.MainPage"
    Type="Package"
    LastWriteTime="131945130720000000" />
  <Object
    Path="C:\Users\marko\Documents\mieszadlo\Zbiorniki_AS6\Logical\mappView\Visualization\Pages\MainPage\MainPage.page"
    LogicalPath="mappView.Visualization.Pages.MainPage.MainPage.page"
    Type="File"
    LastWriteTime="134284933082268548"
    Private="false" />
  <Object
    Path="C:\Users\marko\Documents\mieszadlo\Zbiorniki_AS6\Logical\mappView\Visualization\Pages\MainPage\MainPageContent.content"
    LogicalPath="mappView.Visualization.Pages.MainPage.MainPageContent.content"
    Type="File"
    LastWriteTime="134273869080000000"
    Private="false" />
  <Object
    Path="C:\Users\marko\Documents\mieszadlo\Zbiorniki_AS6\Logical\mappView\Visualization\Pages\HMIMainPage\Package.pkg"
    LogicalPath="mappView.Visualization.Pages.HMIMainPage"
    Type="Package"
    LastWriteTime="134284130063352426" />
  <Object
    Path="C:\Users\marko\Documents\mieszadlo\Zbiorniki_AS6\Logical\mappView\Visualization\Pages\HMIMainPage\HMIMainPage.page"
    LogicalPath="mappView.Visualization.Pages.HMIMainPage.HMIMainPage.page"
    Type="File"
    LastWriteTime="134284938663684991"
    Private="false" />
  <Object
    Path="C:\Users\marko\Documents\mieszadlo\Zbiorniki_AS6\Logical\mappView\Visualization\Pages\HMIMainPage\HMIMainContent.content"
    LogicalPath="mappView.Visualization.Pages.HMIMainPage.HMIMainContent.content"
    Type="File"
    LastWriteTime="134284944336139601"
    Private="false" />
  <Object
    Path="C:\Users\marko\Documents\mieszadlo\Zbiorniki_AS6\Logical\mappView\Visualization\Variables\Package.pkg"
    LogicalPath="mappView.Visualization.Variables"
    Type="Package"
    LastWriteTime="131945047320000000" />
  <Object
    Path="C:\Users\marko\Documents\mieszadlo\Zbiorniki_AS6\Logical\mappView\Visualization\Variables\sessionvar.svar"
    LogicalPath="mappView.Visualization.Variables.sessionvar.svar"
    Type="File"
    LastWriteTime="131977217380000000"
    Private="false" />
  <Object
    Path="C:\Users\marko\Documents\mieszadlo\Zbiorniki_AS6\Logical\mappView\Visualization\Expressions\Package.pkg"
    LogicalPath="mappView.Visualization.Expressions"
    Type="Package"
    LastWriteTime="131951942720000000" />
  <Object
    Path="C:\Users\marko\Documents\mieszadlo\Zbiorniki_AS6\Logical\mappView\Visualization\Expressions\Expression.expression"
    LogicalPath="mappView.Visualization.Expressions.Expression.expression"
    Type="File"
    LastWriteTime="131977215180000000"
    Private="false" />
  <Object
    Path="C:\Users\marko\Documents\mieszadlo\Zbiorniki_AS6\Logical\mappView\Visualization\Expressions\ExpressionType.expressiontype"
    LogicalPath="mappView.Visualization.Expressions.ExpressionType.expressiontype"
    Type="File"
    LastWriteTime="131977217380000000"
    Private="false" />
  <Object
    Path="C:\Users\marko\Documents\mieszadlo\Zbiorniki_AS6\Logical\mappView\Visualization\Layouts\Package.pkg"
    LogicalPath="mappView.Visualization.Layouts"
    Type="Package"
    LastWriteTime="134284931887827129" />
  <Object
    Path="C:\Users\marko\Documents\mieszadlo\Zbiorniki_AS6\Logical\mappView\Visualization\Layouts\DialogLayout.layout"
    LogicalPath="mappView.Visualization.Layouts.DialogLayout.layout"
    Type="File"
    LastWriteTime="134284901188503637"
    Private="false" />
  <Object
    Path="C:\Users\marko\Documents\mieszadlo\Zbiorniki_AS6\Logical\mappView\Visualization\Layouts\Layout.layout"
    LogicalPath="mappView.Visualization.Layouts.Layout.layout"
    Type="File"
    LastWriteTime="134284933083015234"
    Private="false" />
  <Object
    Path="C:\Users\marko\Documents\mieszadlo\Zbiorniki_AS6\Logical\mappView\Visualization\Layouts\HMILayout.layout"
    LogicalPath="mappView.Visualization.Layouts.HMILayout.layout"
    Type="File"
    LastWriteTime="134284133837544467"
    Private="false" />
  <Object
    Path="C:\Users\marko\Documents\mieszadlo\Zbiorniki_AS6\Logical\mappView\Visualization\Dialogs\Package.pkg"
    LogicalPath="mappView.Visualization.Dialogs"
    Type="Package"
    LastWriteTime="134284898258709681" />
  <Object
    Path="C:\Users\marko\Documents\mieszadlo\Zbiorniki_AS6\Logical\mappView\Visualization\Dialogs\AreaContents\Package.pkg"
    LogicalPath="mappView.Visualization.Dialogs.AreaContents"
    Type="Package"
    LastWriteTime="131945042480000000" />
  <Object
    Path="C:\Users\marko\Documents\mieszadlo\Zbiorniki_AS6\Logical\mappView\Visualization\Dialogs\LoginDialog\Package.pkg"
    LogicalPath="mappView.Visualization.Dialogs.LoginDialog"
    Type="Package"
    LastWriteTime="134284899849508252" />
  <Object
    Path="C:\Users\marko\Documents\mieszadlo\Zbiorniki_AS6\Logical\mappView\Visualization\Dialogs\LoginDialog\LoginDialog.dialog"
    LogicalPath="mappView.Visualization.Dialogs.LoginDialog.LoginDialog.dialog"
    Type="File"
    LastWriteTime="134284901182218630"
    Private="false" />
  <Object
    Path="C:\Users\marko\Documents\mieszadlo\Zbiorniki_AS6\Logical\mappView\Visualization\Dialogs\LoginDialog\ContentLogin.content"
    LogicalPath="mappView.Visualization.Dialogs.LoginDialog.ContentLogin.content"
    Type="File"
    LastWriteTime="134284901170516482"
    Private="false" />
  <Object
    Path="C:\Users\marko\Documents\mieszadlo\Zbiorniki_AS6\Logical\mappView\Visualization\Resources\Package.pkg"
    LogicalPath="mappView.Visualization.Resources"
    Type="Package"
    LastWriteTime="131945042480000000" />
  <Object
    Path="C:\Users\marko\Documents\mieszadlo\Zbiorniki_AS6\Logical\mappView\Visualization\Resources\Texts\Package.pkg"
    LogicalPath="mappView.Visualization.Resources.Texts"
    Type="Package"
    LastWriteTime="131945042480000000" />
  <Object
    Path="C:\Users\marko\Documents\mieszadlo\Zbiorniki_AS6\Logical\mappView\Visualization\Resources\Snippets\Package.pkg"
    LogicalPath="mappView.Visualization.Resources.Snippets"
    Type="Package"
    LastWriteTime="131970972680000000" />
  <Object
    Path="C:\Users\marko\Documents\mieszadlo\Zbiorniki_AS6\Logical\Sterowanie\Package.pkg"
    LogicalPath="Sterowanie"
    Type="Package"
    LastWriteTime="131993507440000000" />
  <Object
    Path="C:\Users\marko\Documents\mieszadlo\Zbiorniki_AS6\Logical\Sterowanie\mappingVariables.var"
    LogicalPath="Sterowanie.mappingVariables.var"
    Type="File"
    LastWriteTime="131991813580000000"
    Private="false" />
  <Object
    Path="C:\Users\marko\Documents\mieszadlo\Zbiorniki_AS6\Logical\Sterowanie\Tanks\IEC.prg"
    LogicalPath="Sterowanie.Tanks"
    Type="Program"
    LastWriteTime="131991811840000000" />
  <Object
    Path="C:\Users\marko\Documents\mieszadlo\Zbiorniki_AS6\Logical\Sterowanie\Tanks\Main.st"
    LogicalPath="Sterowanie.Tanks.Main.st"
    Type="File"
    LastWriteTime="134284886285306344"
    Private="false" />
  <Object
    Path="C:\Users\marko\Documents\mieszadlo\Zbiorniki_AS6\Logical\Sterowanie\Tanks\Types.typ"
    LogicalPath="Sterowanie.Tanks.Types.typ"
    Type="File"
    LastWriteTime="134284130926634002"
    Private="true" />
  <Object
    Path="C:\Users\marko\Documents\mieszadlo\Zbiorniki_AS6\Logical\Sterowanie\Tanks\Variables.var"
    LogicalPath="Sterowanie.Tanks.Variables.var"
    Type="File"
    LastWriteTime="134284882758114977"
    Private="true" />
  <Object
    Path="C:\Users\marko\Documents\mieszadlo\Zbiorniki_AS6\Physical\X20CP1684\Config.pkg"
    LogicalPath="X20CP1684"
    Type="Configuration.ParentUnknown"
    LastWriteTime="134273866100000000" />
  <Object
    Path="C:\Users\marko\Documents\mieszadlo\Zbiorniki_AS6\Physical\X20CP1684\Hardware.hw"
    LogicalPath="X20CP1684.Hardware.hw"
    Type="File"
    LastWriteTime="134284118735219734"
    Private="false" />
  <Object
    Path="C:\Users\marko\Documents\mieszadlo\Zbiorniki_AS6\Physical\X20CP1684\Hardware.hwl"
    LogicalPath="X20CP1684.Hardware.hwl"
    Type="File"
    LastWriteTime="134284913335172488"
    Private="false" />
  <Object
    Path="C:\Users\marko\Documents\mieszadlo\Zbiorniki_AS6\Physical\X20CP1684\X20CP1684\Cpu.pkg"
    LogicalPath="X20CP1684.X20CP1684"
    Type="Cpu"
    LastWriteTime="134273886740000000" />
  <Object
    Path="C:\Users\marko\Documents\mieszadlo\Zbiorniki_AS6\Physical\X20CP1684\X20CP1684\Cpu.sw"
    LogicalPath="X20CP1684.X20CP1684.Cpu.sw"
    Type="File"
    LastWriteTime="134284222553148122"
    Private="false" />
  <Object
    Path="C:\Users\marko\Documents\mieszadlo\Zbiorniki_AS6\Physical\X20CP1684\X20CP1684\Cpu.per"
    LogicalPath="X20CP1684.X20CP1684.Cpu.per"
    Type="File"
    LastWriteTime="131991805220000000"
    Private="false" />
  <Object
    Path="C:\Users\marko\Documents\mieszadlo\Zbiorniki_AS6\Physical\X20CP1684\X20CP1684\IoMap.iom"
    LogicalPath="X20CP1684.X20CP1684.IoMap.iom"
    Type="File"
    LastWriteTime="131991805220000000"
    Private="false" />
  <Object
    Path="C:\Users\marko\Documents\mieszadlo\Zbiorniki_AS6\Physical\X20CP1684\X20CP1684\PvMap.vvm"
    LogicalPath="X20CP1684.X20CP1684.PvMap.vvm"
    Type="File"
    LastWriteTime="131991805220000000"
    Private="false" />
  <Object
    Path="C:\Users\marko\Documents\mieszadlo\Zbiorniki_AS6\Physical\X20CP1684\X20CP1684\Connectivity\Package.pkg"
    LogicalPath="X20CP1684.X20CP1684.Connectivity"
    Type="Package"
    LastWriteTime="134273869020000000" />
  <Object
    Path="C:\Users\marko\Documents\mieszadlo\Zbiorniki_AS6\Physical\X20CP1684\X20CP1684\Connectivity\OpcUaCs\Package.pkg"
    LogicalPath="X20CP1684.X20CP1684.Connectivity.OpcUaCs"
    Type="Package"
    LastWriteTime="134273869020000000" />
  <Object
    Path="C:\Users\marko\Documents\mieszadlo\Zbiorniki_AS6\Physical\X20CP1684\X20CP1684\Connectivity\OpcUaCs\UaCsConfig.uacfg"
    LogicalPath="X20CP1684.X20CP1684.Connectivity.OpcUaCs.UaCsConfig.uacfg"
    Type="File"
    LastWriteTime="134284930821359521"
    Private="false" />
  <Object
    Path="C:\Users\marko\Documents\mieszadlo\Zbiorniki_AS6\Physical\X20CP1684\X20CP1684\Connectivity\OpcUaCs\UaDvConfig.uadcfg"
    LogicalPath="X20CP1684.X20CP1684.Connectivity.OpcUaCs.UaDvConfig.uadcfg"
    Type="File"
    LastWriteTime="134284915389865957"
    Private="false" />
  <Object
    Path="C:\Users\marko\Documents\mieszadlo\Zbiorniki_AS6\Physical\X20CP1684\X20CP1684\Connectivity\OpcUaCs\OpcUaMap.uad"
    LogicalPath="X20CP1684.X20CP1684.Connectivity.OpcUaCs.OpcUaMap.uad"
    Type="File"
    LastWriteTime="134284872301645377"
    Private="false" />
  <Object
    Path="C:\Users\marko\Documents\mieszadlo\Zbiorniki_AS6\Physical\X20CP1684\X20CP1684\TextSystem\Package.pkg"
    LogicalPath="X20CP1684.X20CP1684.TextSystem"
    Type="Package"
    LastWriteTime="131991805220000000" />
  <Object
    Path="C:\Users\marko\Documents\mieszadlo\Zbiorniki_AS6\Physical\X20CP1684\X20CP1684\UnitSystem\Package.pkg"
    LogicalPath="X20CP1684.X20CP1684.UnitSystem"
    Type="Package"
    LastWriteTime="131991805220000000" />
  <Object
    Path="C:\Users\marko\Documents\mieszadlo\Zbiorniki_AS6\Physical\X20CP1684\X20CP1684\AccessAndSecurity\Package.pkg"
    LogicalPath="X20CP1684.X20CP1684.AccessAndSecurity"
    Type="Package"
    LastWriteTime="131991805220000000" />
  <Object
    Path="C:\Users\marko\Documents\mieszadlo\Zbiorniki_AS6\Physical\X20CP1684\X20CP1684\AccessAndSecurity\UserRoleSystem\Package.pkg"
    LogicalPath="X20CP1684.X20CP1684.AccessAndSecurity.UserRoleSystem"
    Type="Package"
    LastWriteTime="134273891240000000" />
  <Object
    Path="C:\Users\marko\Documents\mieszadlo\Zbiorniki_AS6\Physical\X20CP1684\X20CP1684\AccessAndSecurity\UserRoleSystem\BRRole.brrole"
    LogicalPath="X20CP1684.X20CP1684.AccessAndSecurity.UserRoleSystem.BRRole.brrole"
    Type="File"
    LastWriteTime="134273869020000000"
    Private="false" />
  <Object
    Path="C:\Users\marko\Documents\mieszadlo\Zbiorniki_AS6\Physical\X20CP1684\X20CP1684\AccessAndSecurity\UserRoleSystem\User.user"
    LogicalPath="X20CP1684.X20CP1684.AccessAndSecurity.UserRoleSystem.User.user"
    Type="File"
    LastWriteTime="134284913621840020"
    Private="false" />
  <Object
    Path="C:\Users\marko\Documents\mieszadlo\Zbiorniki_AS6\Physical\X20CP1684\X20CP1684\AccessAndSecurity\UserRoleSystem\Role.role"
    LogicalPath="X20CP1684.X20CP1684.AccessAndSecurity.UserRoleSystem.Role.role"
    Type="File"
    LastWriteTime="134284913123315590"
    Private="false" />
  <Object
    Path="C:\Users\marko\Documents\mieszadlo\Zbiorniki_AS6\Physical\X20CP1684\X20CP1684\AccessAndSecurity\CertificateStore\Package.pkg"
    LogicalPath="X20CP1684.X20CP1684.AccessAndSecurity.CertificateStore"
    Type="Package"
    LastWriteTime="131991805220000000" />
  <Object
    Path="C:\Users\marko\Documents\mieszadlo\Zbiorniki_AS6\Physical\X20CP1684\X20CP1684\AccessAndSecurity\CertificateStore\OwnCertificates\Package.pkg"
    LogicalPath="X20CP1684.X20CP1684.AccessAndSecurity.CertificateStore.OwnCertificates"
    Type="Package"
    LastWriteTime="131991805220000000" />
  <Object
    Path="C:\Users\marko\Documents\mieszadlo\Zbiorniki_AS6\Physical\X20CP1684\X20CP1684\AccessAndSecurity\CertificateStore\OwnCertificates\Certificates\Package.pkg"
    LogicalPath="X20CP1684.X20CP1684.AccessAndSecurity.CertificateStore.OwnCertificates.Certificates"
    Type="Package"
    LastWriteTime="131991805220000000" />
  <Object
    Path="C:\Users\marko\Documents\mieszadlo\Zbiorniki_AS6\Physical\X20CP1684\X20CP1684\AccessAndSecurity\CertificateStore\OwnCertificates\PrivateKeys\Package.pkg"
    LogicalPath="X20CP1684.X20CP1684.AccessAndSecurity.CertificateStore.OwnCertificates.PrivateKeys"
    Type="Package"
    LastWriteTime="131991805220000000" />
  <Object
    Path="C:\Users\marko\Documents\mieszadlo\Zbiorniki_AS6\Physical\X20CP1684\X20CP1684\AccessAndSecurity\CertificateStore\ThirdPartyCertificates\Package.pkg"
    LogicalPath="X20CP1684.X20CP1684.AccessAndSecurity.CertificateStore.ThirdPartyCertificates"
    Type="Package"
    LastWriteTime="131991805220000000" />
  <Object
    Path="C:\Users\marko\Documents\mieszadlo\Zbiorniki_AS6\Physical\X20CP1684\X20CP1684\AccessAndSecurity\CertificateStore\ThirdPartyCertificates\SoftwareCertificates\Package.pkg"
    LogicalPath="X20CP1684.X20CP1684.AccessAndSecurity.CertificateStore.ThirdPartyCertificates.SoftwareCertificates"
    Type="Package"
    LastWriteTime="131991805220000000" />
  <Object
    Path="C:\Users\marko\Documents\mieszadlo\Zbiorniki_AS6\Physical\X20CP1684\X20CP1684\AccessAndSecurity\CertificateStore\CertificateRevocationLists\Package.pkg"
    LogicalPath="X20CP1684.X20CP1684.AccessAndSecurity.CertificateStore.CertificateRevocationLists"
    Type="Package"
    LastWriteTime="131991805220000000" />
  <Object
    Path="C:\Users\marko\Documents\mieszadlo\Zbiorniki_AS6\Physical\X20CP1684\X20CP1684\AccessAndSecurity\CertificateStore\CertificateSigningRequests\Package.pkg"
    LogicalPath="X20CP1684.X20CP1684.AccessAndSecurity.CertificateStore.CertificateSigningRequests"
    Type="Package"
    LastWriteTime="131991805220000000" />
  <Object
    Path="C:\Users\marko\Documents\mieszadlo\Zbiorniki_AS6\Physical\X20CP1684\X20CP1684\AccessAndSecurity\TransportLayerSecurity\Package.pkg"
    LogicalPath="X20CP1684.X20CP1684.AccessAndSecurity.TransportLayerSecurity"
    Type="Package"
    LastWriteTime="131991805220000000" />
  <Object
    Path="C:\Users\marko\Documents\mieszadlo\Zbiorniki_AS6\Physical\X20CP1684\X20CP1684\mappControl\Package.pkg"
    LogicalPath="X20CP1684.X20CP1684.mappControl"
    Type="Package"
    LastWriteTime="131991805220000000" />
  <Object
    Path="C:\Users\marko\Documents\mieszadlo\Zbiorniki_AS6\Physical\X20CP1684\X20CP1684\mappMotion\Package.pkg"
    LogicalPath="X20CP1684.X20CP1684.mappMotion"
    Type="Package"
    LastWriteTime="131991805220000000" />
  <Object
    Path="C:\Users\marko\Documents\mieszadlo\Zbiorniki_AS6\Physical\X20CP1684\X20CP1684\mappServices\Package.pkg"
    LogicalPath="X20CP1684.X20CP1684.mappServices"
    Type="Package"
    LastWriteTime="134284878729187819" />
  <Object
    Path="C:\Users\marko\Documents\mieszadlo\Zbiorniki_AS6\Physical\X20CP1684\X20CP1684\mappServices\Config.mpalarmxcore"
    LogicalPath="X20CP1684.X20CP1684.mappServices.Config.mpalarmxcore"
    Type="File"
    LastWriteTime="134284927810057352"
    Private="false" />
  <Object
    Path="C:\Users\marko\Documents\mieszadlo\Zbiorniki_AS6\Physical\X20CP1684\X20CP1684\mappServices\Config_1.mpalarmxlist"
    LogicalPath="X20CP1684.X20CP1684.mappServices.Config_1.mpalarmxlist"
    Type="File"
    LastWriteTime="134284896169945727"
    Private="false" />
  <Object
    Path="C:\Users\marko\Documents\mieszadlo\Zbiorniki_AS6\Physical\X20CP1684\X20CP1684\mappServices\Config_2.mpalarmxhistory"
    LogicalPath="X20CP1684.X20CP1684.mappServices.Config_2.mpalarmxhistory"
    Type="File"
    LastWriteTime="134284878729167815"
    Private="false" />
  <Object
    Path="C:\Users\marko\Documents\mieszadlo\Zbiorniki_AS6\Physical\X20CP1684\X20CP1684\mappView\Package.pkg"
    LogicalPath="X20CP1684.X20CP1684.mappView"
    Type="Package"
    LastWriteTime="134284910974588258" />
  <Object
    Path="C:\Users\marko\Documents\mieszadlo\Zbiorniki_AS6\Physical\X20CP1684\X20CP1684\mappView\OpcUaServer.uaserver"
    LogicalPath="X20CP1684.X20CP1684.mappView.OpcUaServer.uaserver"
    Type="File"
    LastWriteTime="134273865020000000"
    Private="false" />
  <Object
    Path="C:\Users\marko\Documents\mieszadlo\Zbiorniki_AS6\Physical\X20CP1684\X20CP1684\mappView\Visualizat.vis"
    LogicalPath="X20CP1684.X20CP1684.mappView.Visualizat.vis"
    Type="File"
    LastWriteTime="133323214020000000"
    Private="false" />
  <Object
    Path="C:\Users\marko\Documents\mieszadlo\Zbiorniki_AS6\Physical\X20CP1684\X20CP1684\mappView\Config.mappviewcfg"
    LogicalPath="X20CP1684.X20CP1684.mappView.Config.mappviewcfg"
    Type="File"
    LastWriteTime="134284930070443270"
    Private="false" />
  <Object
    Path="C:\Users\marko\Documents\mieszadlo\Zbiorniki_AS6\Physical\X20CP1684\X20CP1684\mappView\MainPage.binding"
    LogicalPath="X20CP1684.X20CP1684.mappView.MainPage.binding"
    Type="File"
    LastWriteTime="133323155860000000"
    Private="false" />
  <Object
    Path="C:\Users\marko\Documents\mieszadlo\Zbiorniki_AS6\Physical\X20CP1684\X20CP1684\mappView\SessionBinding.binding"
    LogicalPath="X20CP1684.X20CP1684.mappView.SessionBinding.binding"
    Type="File"
    LastWriteTime="133322574360000000"
    Private="false" />
  <Object
    Path="C:\Users\marko\Documents\mieszadlo\Zbiorniki_AS6\Physical\X20CP1684\X20CP1684\mappView\EventBinding.eventbinding"
    LogicalPath="X20CP1684.X20CP1684.mappView.EventBinding.eventbinding"
    Type="File"
    LastWriteTime="131991808480000000"
    Private="false" />
  <Object
    Path="C:\Users\marko\Documents\mieszadlo\Zbiorniki_AS6\Physical\X20CP1684\X20CP1684\mappView\ExpressionBinding.binding"
    LogicalPath="X20CP1684.X20CP1684.mappView.ExpressionBinding.binding"
    Type="File"
    LastWriteTime="131991808480000000"
    Private="false" />
  <Object
    Path="C:\Users\marko\Documents\mieszadlo\Zbiorniki_AS6\Physical\X20CP1684\X20CP1684\mappView\HMI.vis"
    LogicalPath="X20CP1684.X20CP1684.mappView.HMI.vis"
    Type="File"
    LastWriteTime="134284910977173109"
    Private="false" />
  <Object
    Path="C:\Users\marko\Documents\mieszadlo\Zbiorniki_AS6\Physical\X20CP1684\X20CP1684\mappView\HMIMainContent.binding"
    LogicalPath="X20CP1684.X20CP1684.mappView.HMIMainContent.binding"
    Type="File"
    LastWriteTime="134284944336099575"
    Private="false" />
  <Object
    Path="C:\Users\marko\Documents\mieszadlo\Zbiorniki_AS6\Physical\X20CP1684\X20CP1684\mappView\HMIMainContent.eventbinding"
    LogicalPath="X20CP1684.X20CP1684.mappView.HMIMainContent.eventbinding"
    Type="File"
    LastWriteTime="134284212278177638"
    Private="false" />
  <Object
    Path="C:\Users\marko\Documents\mieszadlo\Zbiorniki_AS6\Physical\X20CP1684\X20CP1684\mappView\TopContent.eventbinding"
    LogicalPath="X20CP1684.X20CP1684.mappView.TopContent.eventbinding"
    Type="File"
    LastWriteTime="134284938044623696"
    Private="false" />
  <Object
    Path="C:\Users\marko\Documents\mieszadlo\Zbiorniki_AS6\Physical\X20CP1684\X20CP1684\mappView\ContentLogin.eventbinding"
    LogicalPath="X20CP1684.X20CP1684.mappView.ContentLogin.eventbinding"
    Type="File"
    LastWriteTime="134284909370429372"
    Private="false" />
  <Object
    Path="C:\Users\marko\Documents\mieszadlo\Zbiorniki_AS6\Physical\X20CP1684\X20CP1684\mappCockpit\Package.pkg"
    LogicalPath="X20CP1684.X20CP1684.mappCockpit"
    Type="Package"
    LastWriteTime="131991805220000000" />
  <Object
    Path="C:\Users\marko\Documents\mieszadlo\Zbiorniki_AS6\Physical\X20CP1684\Hardware.jpg"
    LogicalPath="X20CP1684.Hardware.jpg"
    Type="File"
    LastWriteTime="134284913335497924"
    Private="false" />
</Objects>